******************************************************************************
                  TI ARM Linker Unix v5.2.5                    
******************************************************************************
>> Linked Thu Mar  3 12:39:36 2016

OUTPUT FILE NAME:   <TutorialA.out>
ENTRY POINT SYMBOL: "_c_int00"  address: 00001eed


MEMORY CONFIGURATION

         name            origin    length      used     unused   attr    fill
----------------------  --------  ---------  --------  --------  ----  --------
  FLASH                 00000000   00040000  0000241a  0003dbe6  R  X
  SRAM                  20000000   00008000  00000214  00007dec  RW X


SEGMENT ALLOCATION MAP

run origin  load origin   length   init length attrs members
----------  ----------- ---------- ----------- ----- -------
00000000    00000000    0000241c   0000241c    r-x
  00000000    00000000    0000026c   0000026c    r-- .intvecs
  0000026c    0000026c    00001db6   00001db6    r-x .text
  00002024    00002024    000003dc   000003dc    r-- .const
  00002400    00002400    0000001c   0000001c    r-- .cinit
20000000    20000000    00000214   00000000    rw-
  20000000    20000000    00000200   00000000    rw- .stack
  20000200    20000200    00000014   00000000    rw- .data


SECTION ALLOCATION MAP

 output                                  attributes/
section   page    origin      length       input sections
--------  ----  ----------  ----------   ----------------
.intvecs   0    00000000    0000026c     
                  00000000    0000026c     tm4c1233h6pm_startup_ccs.obj (.intvecs)

.text      0    0000026c    00001db6     
                  0000026c    00000ef0     sysctl.obj (.text)
                  0000115c    00000b50     gpio.obj (.text)
                  00001cac    0000009c     rtsv7M4_T_le_v4SPD16_eabi.lib : memcpy_t2.obj (.text)
                  00001d48    0000007a                                   : memset_t2.obj (.text)
                  00001dc2    00000002     --HOLE-- [fill = 0]
                  00001dc4    0000006c                                   : autoinit.obj (.text)
                  00001e30    0000006a                                   : copy_decompress_rle.obj (.text)
                  00001e9a    00000002     --HOLE-- [fill = 0]
                  00001e9c    00000050     main.obj (.text)
                  00001eec    00000050     rtsv7M4_T_le_v4SPD16_eabi.lib : boot.obj (.text)
                  00001f3c    0000004c                                   : cpy_tbl.obj (.text)
                  00001f88    00000044                                   : exit.obj (.text)
                  00001fcc    00000018                                   : args_main.obj (.text)
                  00001fe4    00000014                                   : _lock.obj (.text)
                  00001ff8    0000000e                                   : copy_decompress_none.obj (.text:decompress:none)
                  00002006    0000000c     tm4c1233h6pm_startup_ccs.obj (.text)
                  00002012    00000006     sysctl.obj (.text:SysCtlDelay)
                  00002018    00000006     rtsv7M4_T_le_v4SPD16_eabi.lib : copy_decompress_rle.obj (.text:decompress:rle24)
                  0000201e    00000004                                   : pre_init.obj (.text)

.const     0    00002024    000003dc     
                  00002024    00000120     sysctl.obj (.const:g_pppui32XTALtoVCO)
                  00002144    000000c0     gpio.obj (.const:g_ppui32GPIOIntMapBlizzard)
                  00002204    000000c0     gpio.obj (.const:g_ppui32GPIOIntMapSnowflake)
                  000022c4    00000090     gpio.obj (.const:g_pui32GPIOBaseAddrs)
                  00002354    0000006c     sysctl.obj (.const:g_pui32Xtals)
                  000023c0    00000030     sysctl.obj (.const:g_sXTALtoMEMTIM)
                  000023f0    00000008     gpio.obj (.const)
                  000023f8    00000008     sysctl.obj (.const)

.cinit     0    00002400    0000001c     
                  00002400    00000009     (.cinit..data.load) [load image, compression = rle]
                  00002409    00000003     --HOLE-- [fill = 0]
                  0000240c    00000008     (__TI_handler_table)
                  00002414    00000008     (__TI_cinit_table)

.init_array 
*          0    00000000    00000000     UNINITIALIZED

.data      0    20000200    00000014     UNINITIALIZED
                  20000200    00000008     rtsv7M4_T_le_v4SPD16_eabi.lib : _lock.obj (.data)
                  20000208    00000008                                   : exit.obj (.data)
                  20000210    00000004                                   : stkdepth_vars.obj (.data)

.stack     0    20000000    00000200     UNINITIALIZED
                  20000000    00000200     --HOLE--

.TI.persistent 
*          0    20000200    00000000     UNINITIALIZED


LINKER GENERATED COPY TABLES

__TI_cinit_table @ 00002414 records: 1, size/record: 8, table size: 8
	.data: load addr=00002400, load size=00000009 bytes, run addr=20000200, run size=00000014 bytes, compression=rle


LINKER GENERATED HANDLER TABLE

__TI_handler_table @ 0000240c records: 2, size/record: 4, table size: 8
	index: 0, handler: __TI_decompress_rle24
	index: 1, handler: __TI_decompress_none


GLOBAL SYMBOLS: SORTED ALPHABETICALLY BY Name 

address   name                            
-------   ----                            
00001f89  C$$EXIT                         
UNDEFED   CPUwfi                          
00001c87  GPIOADCTriggerDisable           
00001c69  GPIOADCTriggerEnable            
00001c4b  GPIODMATriggerDisable           
00001c2d  GPIODMATriggerEnable            
0000121b  GPIODirModeGet                  
000011bf  GPIODirModeSet                  
0000178f  GPIOIntClear                    
00001753  GPIOIntDisable                  
00001739  GPIOIntEnable                   
000017a3  GPIOIntRegister                 
0000176d  GPIOIntStatus                   
0000130b  GPIOIntTypeGet                  
00001267  GPIOIntTypeSet                  
000017c1  GPIOIntUnregister               
000015e7  GPIOPadConfigGet                
000013a9  GPIOPadConfigSet                
00001bcf  GPIOPinConfigure                
000017db  GPIOPinRead                     
00001813  GPIOPinTypeADC                  
00001837  GPIOPinTypeCAN                  
0000185b  GPIOPinTypeComparator           
0000187f  GPIOPinTypeComparatorOutput     
000018a3  GPIOPinTypeDIVSCLK              
000018c7  GPIOPinTypeEPI                  
000018eb  GPIOPinTypeEthernetLED          
0000190f  GPIOPinTypeEthernetMII          
00001933  GPIOPinTypeGPIOInput            
00001957  GPIOPinTypeGPIOOutput           
0000197b  GPIOPinTypeGPIOOutputOD         
0000199f  GPIOPinTypeHibernateRTCCLK      
000019c3  GPIOPinTypeI2C                  
000019e7  GPIOPinTypeI2CSCL               
00001a0b  GPIOPinTypeLCD                  
00001a2f  GPIOPinTypeOneWire              
00001a53  GPIOPinTypePWM                  
00001a77  GPIOPinTypeQEI                  
00001a9b  GPIOPinTypeSSI                  
00001abf  GPIOPinTypeTimer                
00001ae3  GPIOPinTypeTrace                
00001b07  GPIOPinTypeUART                 
00001b2b  GPIOPinTypeUSBAnalog            
00001b4f  GPIOPinTypeUSBDigital           
00001b73  GPIOPinTypeWakeHigh             
00001b99  GPIOPinTypeWakeLow              
00001bbf  GPIOPinWakeStatus               
000017f3  GPIOPinWrite                    
UNDEFED   IntDisable                      
UNDEFED   IntEnable                       
UNDEFED   IntRegister                     
UNDEFED   IntUnregister                   
00002007  ResetISR                        
UNDEFED   SHT$$INIT_ARRAY$$Base           
UNDEFED   SHT$$INIT_ARRAY$$Limit          
000010ff  SysCtlAltClkConfig              
000008d9  SysCtlClockFreqSet              
00000dbd  SysCtlClockGet                  
000010e3  SysCtlClockOutConfig            
00000bf1  SysCtlClockSet                  
000007d9  SysCtlDeepSleep                 
00000f85  SysCtlDeepSleepClockConfigSet   
00000f69  SysCtlDeepSleepClockSet         
000007b9  SysCtlDeepSleepPowerSet         
00002013  SysCtlDelay                     
00000365  SysCtlFlashSectorSizeGet        
00000339  SysCtlFlashSizeGet              
0000105b  SysCtlGPIOAHBDisable            
0000103f  SysCtlGPIOAHBEnable             
0000074d  SysCtlIntClear                  
00000735  SysCtlIntDisable                
00000721  SysCtlIntEnable                 
000006f9  SysCtlIntRegister               
0000075d  SysCtlIntStatus                 
00000711  SysCtlIntUnregister             
0000079f  SysCtlLDODeepSleepGet           
0000078f  SysCtlLDODeepSleepSet           
00000789  SysCtlLDOSleepGet               
00000779  SysCtlLDOSleepSet               
0000080f  SysCtlMOSCConfigSet             
000010cf  SysCtlNMIClear                  
000010c9  SysCtlNMIStatus                 
00000825  SysCtlPIOSCCalibrate            
00001029  SysCtlPWMClockGet               
0000100f  SysCtlPWMClockSet               
000006a5  SysCtlPeripheralClockGating     
0000065d  SysCtlPeripheralDeepSleepDisable
0000060d  SysCtlPeripheralDeepSleepEnable 
00000549  SysCtlPeripheralDisable         
0000050d  SysCtlPeripheralEnable          
00000449  SysCtlPeripheralPowerOff        
0000040d  SysCtlPeripheralPowerOn         
0000038d  SysCtlPeripheralPresent         
000003cd  SysCtlPeripheralReady           
00000485  SysCtlPeripheralReset           
000005d1  SysCtlPeripheralSleepDisable    
0000058d  SysCtlPeripheralSleepEnable     
000007c9  SysCtlReset                     
00000885  SysCtlResetBehaviorGet          
00000875  SysCtlResetBehaviorSet          
000007fb  SysCtlResetCauseClear           
000007f5  SysCtlResetCauseGet             
0000032f  SysCtlSRAMSizeGet               
000007d1  SysCtlSleep                     
000007a5  SysCtlSleepPowerSet             
00001083  SysCtlUSBPLLDisable             
00001077  SysCtlUSBPLLEnable              
000010af  SysCtlVoltageEventClear         
00001095  SysCtlVoltageEventConfig        
000010a9  SysCtlVoltageEventStatus        
20000200  __STACK_END                     
00000200  __STACK_SIZE                    
20000200  __STACK_TOP                     
00002414  __TI_CINIT_Base                 
0000241c  __TI_CINIT_Limit                
0000240c  __TI_Handler_Table_Base         
00002414  __TI_Handler_Table_Limit        
00001dc5  __TI_auto_init                  
20000208  __TI_cleanup_ptr                
00001ff9  __TI_decompress_none            
00002019  __TI_decompress_rle24           
2000020c  __TI_dtors_ptr                  
00000000  __TI_static_base__              
00001d49  __aeabi_memclr                  
00001d49  __aeabi_memclr4                 
00001d49  __aeabi_memclr8                 
00001cad  __aeabi_memcpy                  
00001cad  __aeabi_memcpy4                 
00001cad  __aeabi_memcpy8                 
00001d4b  __aeabi_memset                  
00001d4b  __aeabi_memset4                 
00001d4b  __aeabi_memset8                 
ffffffff  __binit__                       
ffffffff  __c_args__                      
20000000  __stack                         
00001fcd  _args_main                      
00001eed  _c_int00                        
20000200  _lock                           
00001ff3  _nop                            
00001feb  _register_lock                  
00001fe5  _register_unlock                
0000201f  _system_pre_init                
20000204  _unlock                         
00001f8d  abort                           
ffffffff  binit                           
00001f3d  copy_in                         
00001f95  exit                            
00000000  g_pfnVectors                    
00001e9d  main                            
20000210  main_func_sp                    
00001cad  memcpy                          
00001d51  memset                          


GLOBAL SYMBOLS: SORTED BY Symbol Address 

address   name                            
-------   ----                            
00000000  __TI_static_base__              
00000000  g_pfnVectors                    
00000200  __STACK_SIZE                    
0000032f  SysCtlSRAMSizeGet               
00000339  SysCtlFlashSizeGet              
00000365  SysCtlFlashSectorSizeGet        
0000038d  SysCtlPeripheralPresent         
000003cd  SysCtlPeripheralReady           
0000040d  SysCtlPeripheralPowerOn         
00000449  SysCtlPeripheralPowerOff        
00000485  SysCtlPeripheralReset           
0000050d  SysCtlPeripheralEnable          
00000549  SysCtlPeripheralDisable         
0000058d  SysCtlPeripheralSleepEnable     
000005d1  SysCtlPeripheralSleepDisable    
0000060d  SysCtlPeripheralDeepSleepEnable 
0000065d  SysCtlPeripheralDeepSleepDisable
000006a5  SysCtlPeripheralClockGating     
000006f9  SysCtlIntRegister               
00000711  SysCtlIntUnregister             
00000721  SysCtlIntEnable                 
00000735  SysCtlIntDisable                
0000074d  SysCtlIntClear                  
0000075d  SysCtlIntStatus                 
00000779  SysCtlLDOSleepSet               
00000789  SysCtlLDOSleepGet               
0000078f  SysCtlLDODeepSleepSet           
0000079f  SysCtlLDODeepSleepGet           
000007a5  SysCtlSleepPowerSet             
000007b9  SysCtlDeepSleepPowerSet         
000007c9  SysCtlReset                     
000007d1  SysCtlSleep                     
000007d9  SysCtlDeepSleep                 
000007f5  SysCtlResetCauseGet             
000007fb  SysCtlResetCauseClear           
0000080f  SysCtlMOSCConfigSet             
00000825  SysCtlPIOSCCalibrate            
00000875  SysCtlResetBehaviorSet          
00000885  SysCtlResetBehaviorGet          
000008d9  SysCtlClockFreqSet              
00000bf1  SysCtlClockSet                  
00000dbd  SysCtlClockGet                  
00000f69  SysCtlDeepSleepClockSet         
00000f85  SysCtlDeepSleepClockConfigSet   
0000100f  SysCtlPWMClockSet               
00001029  SysCtlPWMClockGet               
0000103f  SysCtlGPIOAHBEnable             
0000105b  SysCtlGPIOAHBDisable            
00001077  SysCtlUSBPLLEnable              
00001083  SysCtlUSBPLLDisable             
00001095  SysCtlVoltageEventConfig        
000010a9  SysCtlVoltageEventStatus        
000010af  SysCtlVoltageEventClear         
000010c9  SysCtlNMIStatus                 
000010cf  SysCtlNMIClear                  
000010e3  SysCtlClockOutConfig            
000010ff  SysCtlAltClkConfig              
000011bf  GPIODirModeSet                  
0000121b  GPIODirModeGet                  
00001267  GPIOIntTypeSet                  
0000130b  GPIOIntTypeGet                  
000013a9  GPIOPadConfigSet                
000015e7  GPIOPadConfigGet                
00001739  GPIOIntEnable                   
00001753  GPIOIntDisable                  
0000176d  GPIOIntStatus                   
0000178f  GPIOIntClear                    
000017a3  GPIOIntRegister                 
000017c1  GPIOIntUnregister               
000017db  GPIOPinRead                     
000017f3  GPIOPinWrite                    
00001813  GPIOPinTypeADC                  
00001837  GPIOPinTypeCAN                  
0000185b  GPIOPinTypeComparator           
0000187f  GPIOPinTypeComparatorOutput     
000018a3  GPIOPinTypeDIVSCLK              
000018c7  GPIOPinTypeEPI                  
000018eb  GPIOPinTypeEthernetLED          
0000190f  GPIOPinTypeEthernetMII          
00001933  GPIOPinTypeGPIOInput            
00001957  GPIOPinTypeGPIOOutput           
0000197b  GPIOPinTypeGPIOOutputOD         
0000199f  GPIOPinTypeHibernateRTCCLK      
000019c3  GPIOPinTypeI2C                  
000019e7  GPIOPinTypeI2CSCL               
00001a0b  GPIOPinTypeLCD                  
00001a2f  GPIOPinTypeOneWire              
00001a53  GPIOPinTypePWM                  
00001a77  GPIOPinTypeQEI                  
00001a9b  GPIOPinTypeSSI                  
00001abf  GPIOPinTypeTimer                
00001ae3  GPIOPinTypeTrace                
00001b07  GPIOPinTypeUART                 
00001b2b  GPIOPinTypeUSBAnalog            
00001b4f  GPIOPinTypeUSBDigital           
00001b73  GPIOPinTypeWakeHigh             
00001b99  GPIOPinTypeWakeLow              
00001bbf  GPIOPinWakeStatus               
00001bcf  GPIOPinConfigure                
00001c2d  GPIODMATriggerEnable            
00001c4b  GPIODMATriggerDisable           
00001c69  GPIOADCTriggerEnable            
00001c87  GPIOADCTriggerDisable           
00001cad  __aeabi_memcpy                  
00001cad  __aeabi_memcpy4                 
00001cad  __aeabi_memcpy8                 
00001cad  memcpy                          
00001d49  __aeabi_memclr                  
00001d49  __aeabi_memclr4                 
00001d49  __aeabi_memclr8                 
00001d4b  __aeabi_memset                  
00001d4b  __aeabi_memset4                 
00001d4b  __aeabi_memset8                 
00001d51  memset                          
00001dc5  __TI_auto_init                  
00001e9d  main                            
00001eed  _c_int00                        
00001f3d  copy_in                         
00001f89  C$$EXIT                         
00001f8d  abort                           
00001f95  exit                            
00001fcd  _args_main                      
00001fe5  _register_unlock                
00001feb  _register_lock                  
00001ff3  _nop                            
00001ff9  __TI_decompress_none            
00002007  ResetISR                        
00002013  SysCtlDelay                     
00002019  __TI_decompress_rle24           
0000201f  _system_pre_init                
0000240c  __TI_Handler_Table_Base         
00002414  __TI_CINIT_Base                 
00002414  __TI_Handler_Table_Limit        
0000241c  __TI_CINIT_Limit                
20000000  __stack                         
20000200  __STACK_END                     
20000200  __STACK_TOP                     
20000200  _lock                           
20000204  _unlock                         
20000208  __TI_cleanup_ptr                
2000020c  __TI_dtors_ptr                  
20000210  main_func_sp                    
ffffffff  __binit__                       
ffffffff  __c_args__                      
ffffffff  binit                           
UNDEFED   CPUwfi                          
UNDEFED   IntDisable                      
UNDEFED   IntEnable                       
UNDEFED   IntRegister                     
UNDEFED   IntUnregister                   
UNDEFED   SHT$$INIT_ARRAY$$Base           
UNDEFED   SHT$$INIT_ARRAY$$Limit          

[152 symbols]
